"Group","Daily P&L","WTD P&L","MTD P&L","YTD P&L","Month-End Adjustment","Carry","Position","New Trading","Other","Total Risk P&L","Unattributed","Estimate","Actual-Estimate","Plan P&L","Plan to Actual Difference"
" -> Equity Derivatives","-1283985.3099999996","-1313366.4100000001","7198202.84","26069855.38","-6566999","-28370.960000000006","4114.96","-8242932.850000001","13549122.39","5281933.539999998","-6565918.849999999","197000","-1480985.3099999996","354408.21","1638393.5199999996"
" -> Equity Derivatives -> Delta1","-1283985.3099999996","-1313366.4100000001","7198202.84","26069855.38","-6566999","-28370.960000000006","4114.96","-8242932.850000001","13549122.39","5281933.539999998","-6565918.849999999","197000","-1480985.3099999996","354408.21","1638393.5199999996"
" -> Equity Derivatives -> Delta1 -> ","-1283985.3099999996","-1313366.4100000001","7198202.84","26069855.38","-6566999","-28370.960000000006","4114.96","-8242932.850000001","13549122.39","5281933.539999998","-6565918.849999999","197000","-1480985.3099999996","354408.21","1638393.5199999996"
" -> Equity Derivatives -> Delta1 ->  -> ","-1283985.3099999996","-1313366.4100000001","7198202.84","26069855.38","-6566999","-28370.960000000006","4114.96","-8242932.850000001","13549122.39","5281933.539999998","-6565918.849999999","197000","-1480985.3099999996","354408.21","1638393.5199999996"
" -> Equity Derivatives -> Delta1 ->  ->  -> EQUITY","-1283985.3099999996","-1313366.4100000001","7198202.84","26069855.38","-6566999","-28370.960000000006","4114.96","-8242932.850000001","13549122.39","5281933.539999998","-6565918.849999999","197000","-1480985.3099999996","354408.21","1638393.5199999996"