"Currency","Account Product","Account Number","Prior YTD CDE","YTD CDE","Daily CDE","Prior YTD Local","YTD Local","Daily Local"
"usd","","","-187725.56999999995","-251471.06","-63745.49","-140786.93","-189104.24999999994","-48317.32"
"cad","","","27541566.26","26321326.44","-1220239.8200000003","27541566.23","26321326.44","-1220239.79"