"Group","Prior YTD CDE","YTD CDE","Daily CDE"
" -> usd","-187725.56999999995","-251471.06","-63745.49"
" -> usd -> ","-187725.56999999995","-251471.06","-63745.49"
" -> usd ->  -> ","-187725.56999999995","-251471.06","-63745.49"
" -> cad","27541566.26","32888325.44","5346759.18"
" -> cad -> ","27541566.26","32888325.44","5346759.18"
" -> cad ->  -> ","27541566.26","32888325.44","5346759.18"